This file, is here, to dummy, some results, from site
